GPU 0: NVIDIA GeForce RTX 3090 (UUID: GPU-936598ed-bbc0-3c75-3929-eae1a2196657)
[glm53] mode nvme3: host 38 CPUs visible, MemAvailable 465 GiB, GPU 24576 MiB, CPU tier 0
[glm53] bench/decode_kl.py -m /models -cs 131072 --max-batch-size 8 -chunk_size 8192 -ambs 4 --host 0.0.0.0 --port 30000 --served-name glm-5.3-flash --kl-out /out/decode_kl.json --kl-tokens 192
 -- nv_tier [    0.1s] installed: store /nvx/glm53_flash_exl3_3.05bpw_experts.bin, 42 routed layers, loader skips expert trellis bytes | memcg cur 0.35 peak 0.35 anon 0.33 file 0.00 GiB, host avail 464.8
 -- expert_cache installed
 -- triton_pin: pinned ['chunk_gated_delta_rule_fwd_kernel_h_blockdim64', 'chunk_gla_fwd_kernel_o', 'chunk_kda_fwd_kernel_inter_solve_fused', 'chunk_kda_fwd_kernel_intra_token_parallel', 'chunk_local_cumsum_vector_kernel', 'l2norm_fwd_kernel', 'recompute_w_u_fwd_kda_kernel'] from /opt/glm53/data/triton_pin_exact.json
 -- Loading /models

 -- Warming up...

 -- Loading tokenizer...
 -- nv_tier [   57.8s] model loaded + VRAM pool built; DONTNEED on 16 checkpoint files | memcg cur 3.25 peak 10.58 anon 3.15 file 0.06 GiB, host avail 461.7
 -- nv_tier [   58.1s] CPU tier scale copies: 0.42 GiB | memcg cur 3.55 peak 10.58 anon 3.45 file 0.06 GiB, host avail 461.4
 -- nv_tier [   58.1s] nv2: rcs reserve 4.0 GiB, margin 3.0 GiB, prefill ring 192 slots (1.69 GiB) -> RAM tier 4831 slots (42.46 GiB) | memcg cur 3.55 peak 10.58 anon 3.45 file 0.06 GiB, host avail 461.4
 -- nv_tier [   61.1s] nv2: RAM arena + prefill ring registered | memcg cur 47.78 peak 47.78 anon 47.60 file 0.06 GiB, host avail 416.8
 -- nv_tier [   61.1s] nv2 engine up: 42 layers x 288, readers 16 on [26, 27, 28].., exclusive True, CPU tier True | memcg cur 47.78 peak 47.78 anon 47.60 file 0.06 GiB, host avail 416.8
 -- nv_tier [   62.8s] nv2 RAM warm: 4831 experts in 1.6 s | memcg cur 47.78 peak 47.78 anon 47.60 file 0.06 GiB, host avail 416.8
 -- nv_tier [   63.8s] nv2 post-warm: 1344 VRAM-resident, 1344 RAM copies of them dropped (exclusive), RAM resident 4831, free 0 | memcg cur 47.78 peak 47.78 anon 47.60 file 0.06 GiB, host avail 416.8
 -- nv_tier [   64.5s] nv2 CPU tier: 22 threads on 2-23, mode -1, swiglu clamp 10.0, selftest {'EXACT': 0.001002, 'AFFINE': 0.001061, 'I16': 0.001077} | memcg cur 47.81 peak 48.06 anon 47.62 file 0.06 GiB, host avail 417.2
 -- expert_cache: cuda:0: 42 MoE layers (experts 0..287), 1376 slots x 9.44 MB = 12.99 GB (32.8/layer), admit <= 64 picks, stage 2 x 295 experts (>= 512 picks), warm /opt/glm53/data/stats_own_dec.json
 -- nv_tier [   64.5s] nv2 ready: 36288 expert linears on the bounce slot, 114.2 GB of checkpoint expert bytes never read, DONTNEED on 16 files | memcg cur 47.81 peak 48.06 anon 47.62 file 0.06 GiB, host avail 417.2
 -- k_hcfuse (K101): 45/45 blocks fused for R <= 8
 -- loaded in 64.0 s
[transformers] You are using a model of type `glm5_next` to instantiate a model of type ``. This may be expected if you are loading a checkpoint that shares a subset of the architecture (e.g., loading a `sam2_video` checkpoint into `Sam2Model`), but is otherwise not supported and can yield errors. Please verify that the checkpoint is compatible with the model you are instantiating.
[W1007 05:42:40.841189758 CUDACachingAllocator.cpp:508] expandable_segments: memory mapping failed with OOM on device 0 while trying to map 20971520 bytes (free: 19922944, total: 25285951488).
{"prompt": "What is the capital of Australia, and wh", "variant": "control_off", "n": 192, "kl_mean": 0.0, "top1": 1.0, "forced_mismatch": null}
{"prompt": "What is the capital of Australia, and wh", "variant": "cpu_default", "n": 192, "kl_mean": 0.012309227138757706, "top1": 0.9895833333333334, "forced_mismatch": null}
{"prompt": "What is the capital of Australia, and wh", "variant": "cpu_noclamp", "n": 192, "kl_mean": 0.021965177729725838, "top1": 0.9635416666666666, "forced_mismatch": null}
{"prompt": "Write a Python function that checks whet", "variant": "control_off", "n": 192, "kl_mean": 0.0, "top1": 1.0, "forced_mismatch": null}
{"prompt": "Write a Python function that checks whet", "variant": "cpu_default", "n": 192, "kl_mean": 0.0009170289267785847, "top1": 0.9947916666666666, "forced_mismatch": null}
{"prompt": "Write a Python function that checks whet", "variant": "cpu_noclamp", "n": 192, "kl_mean": 0.000834127829875797, "top1": 0.9947916666666666, "forced_mismatch": null}
{"prompt": "What is 17 multiplied by 23? Show the ca", "variant": "control_off", "n": 128, "kl_mean": 0.0, "top1": 1.0, "forced_mismatch": null}
{"prompt": "What is 17 multiplied by 23? Show the ca", "variant": "cpu_default", "n": 128, "kl_mean": 0.0011139402631670237, "top1": 1.0, "forced_mismatch": null}
{"prompt": "What is 17 multiplied by 23? Show the ca", "variant": "cpu_noclamp", "n": 128, "kl_mean": 0.0009979098103940487, "top1": 1.0, "forced_mismatch": null}
{"prompt": "Translate into German: 'The train was la", "variant": "control_off", "n": 192, "kl_mean": 0.0, "top1": 1.0, "forced_mismatch": null}
{"prompt": "Translate into German: 'The train was la", "variant": "cpu_default", "n": 192, "kl_mean": 0.0027427009772509336, "top1": 1.0, "forced_mismatch": null}
{"prompt": "Translate into German: 'The train was la", "variant": "cpu_noclamp", "n": 192, "kl_mean": 0.0020187445916235447, "top1": 1.0, "forced_mismatch": null}
{"prompt": "Summarise the causes of the 2008 financi", "variant": "control_off", "n": 192, "kl_mean": 0.0, "top1": 1.0, "forced_mismatch": null}
{"prompt": "Summarise the causes of the 2008 financi", "variant": "cpu_default", "n": 192, "kl_mean": 0.005331899970769882, "top1": 0.9739583333333334, "forced_mismatch": null}
{"prompt": "Summarise the causes of the 2008 financi", "variant": "cpu_noclamp", "n": 192, "kl_mean": 0.004213354550302029, "top1": 0.9895833333333334, "forced_mismatch": null}
{"prompt": "Explain what a hash table is to a 12-yea", "variant": "control_off", "n": 192, "kl_mean": 0.0, "top1": 1.0, "forced_mismatch": null}
{"prompt": "Explain what a hash table is to a 12-yea", "variant": "cpu_default", "n": 192, "kl_mean": 0.0044602639973163605, "top1": 0.9635416666666666, "forced_mismatch": null}
{"prompt": "Explain what a hash table is to a 12-yea", "variant": "cpu_noclamp", "n": 192, "kl_mean": 0.006272651255130768, "top1": 0.9583333333333334, "forced_mismatch": null}
VARIANT control_off {"positions": 1088, "kl_mean": 0.0, "kl_p99": 0.0, "kl_max": 0.0, "top1_agree": 1.0, "forced_mismatch": [null, null, null, null, null, null], "cpu_experts_per_layer_call": 0.0}
VARIANT cpu_default {"positions": 1088, "kl_mean": 0.004677131945043902, "kl_p99": 0.08179178833961487, "kl_max": 0.25877320766448975, "top1_agree": 0.9862132352941176, "forced_mismatch": [null, null, null, null, null, null], "cpu_experts_per_layer_call": 3.5505295868347337}
VARIANT cpu_noclamp {"positions": 1088, "kl_mean": 0.006347528704208453, "kl_p99": 0.11588531732559204, "kl_max": 0.6156660318374634, "top1_agree": 0.9834558823529411, "forced_mismatch": [null, null, null, null, null, null], "cpu_experts_per_layer_call": 3.5638786764705883}
DECODE_KL_DONE
