# 2026-10-09T01:51:20+02:00 gated3 run: ./winC.sh
# other containers: 
# load: 5.93 5.52 8.74 1/1281 188044
## C1 default vs base
loaded 360 records (3.40 GB), huge=1 swz=0
var,m,n,iters,mean_ms,p50_ms,p90_ms,ms_per_expert,GBps,ipc,ginstr_per_expert
base,1,1,300,0.2085,0.2064,0.2221,0.2085,45.3,1.07,0.0319
v4,1,1,300,0.1811,0.1787,0.1856,0.1811,52.1,1.15,0.0321
base,1,3,300,0.5086,0.5075,0.5266,0.1695,55.7,1.64,0.0293
v4,1,3,300,0.4629,0.4620,0.4693,0.1543,61.2,1.85,0.0300
base,1,4,300,0.6889,0.6477,0.8057,0.1722,54.8,1.78,0.0290
v4,1,4,300,0.5435,0.5427,0.5474,0.1359,69.5,2.31,0.0296
base,1,6,300,0.9584,0.9540,0.9951,0.1597,59.1,2.09,0.0285
v4,1,6,300,0.8824,0.8804,0.8918,0.1471,64.2,2.35,0.0294
base,2,1,300,0.2330,0.2316,0.2437,0.2330,40.5,1.30,0.0408
v4,2,1,300,0.2225,0.2216,0.2299,0.2225,42.4,1.25,0.0376
base,2,3,300,0.6356,0.6317,0.6499,0.2119,44.5,1.97,0.0384
v4,2,3,300,0.5628,0.5617,0.5817,0.1876,50.3,2.05,0.0355
base,2,4,300,0.7625,0.7599,0.8012,0.1906,49.5,2.34,0.0377
v4,2,4,300,0.7349,0.7340,0.7566,0.1837,51.4,2.24,0.0353
base,2,6,300,1.1615,1.1612,1.1885,0.1936,48.7,2.49,0.0376
v4,2,6,300,1.1180,1.1146,1.1574,0.1863,50.6,2.41,0.0350
base,3,1,300,0.2872,0.2797,0.3118,0.2872,32.9,1.33,0.0468
v4,3,1,300,0.3053,0.3013,0.3098,0.3053,30.9,1.29,0.0468
base,3,3,300,0.7994,0.7976,0.8117,0.2665,35.4,1.92,0.0443
v4,3,3,300,0.7733,0.7730,0.7824,0.2578,36.6,2.06,0.0446
base,3,4,300,0.9353,0.9300,0.9595,0.2338,40.4,2.33,0.0435
v4,3,4,300,0.9888,0.9866,1.0009,0.2472,38.2,2.30,0.0443
base,3,6,300,1.4475,1.4447,1.4616,0.2413,39.1,2.38,0.0434
v4,3,6,300,1.4909,1.4922,1.5086,0.2485,38.0,2.38,0.0441
base,4,1,300,0.3319,0.3271,0.3400,0.3319,28.4,1.40,0.0534
v4,4,1,300,0.4581,0.3535,0.7427,0.4581,20.6,1.11,0.0533
base,4,3,300,0.9580,0.9522,0.9698,0.3193,29.6,1.91,0.0511
v4,4,3,300,0.9713,0.9510,1.0290,0.3238,29.1,1.96,0.0504
base,4,4,300,1.3003,1.3020,1.3831,0.3251,29.0,2.05,0.0503
v4,4,4,300,1.1583,1.1586,1.1797,0.2896,32.6,2.23,0.0501
base,4,6,300,1.7229,1.7268,1.7407,0.2872,32.9,2.36,0.0500
v4,4,6,300,1.7222,1.7139,1.7593,0.2870,32.9,2.32,0.0499
## C2 default merged late jobs, base+same wait for reference (late_us=0 and 100)
loaded 360 records (3.40 GB), huge=1 swz=0
late0,base,1,4,200,0.6567,0.6462,0.7266,0.1642,57.5,0.00,0.0000
late0,v4late,1,4,200,0.6259,0.6249,0.6305,0.1565,60.3,0.00,0.0000
late0,v4,1,4,200,0.5405,0.5403,0.5474,0.1351,69.8,0.00,0.0000
late0,base,1,6,200,0.9424,0.9407,0.9809,0.1571,60.1,0.00,0.0000
late0,v4late,1,6,200,0.9426,0.9408,0.9611,0.1571,60.1,0.00,0.0000
late0,v4,1,6,200,0.8772,0.8766,0.8831,0.1462,64.6,0.00,0.0000
late0,base,2,4,200,0.7583,0.7577,0.7929,0.1896,49.8,0.00,0.0000
late0,v4late,2,4,200,0.7810,0.7821,0.8025,0.1953,48.3,0.00,0.0000
late0,v4,2,4,200,0.7331,0.7321,0.7578,0.1833,51.5,0.00,0.0000
late0,base,2,6,200,1.1592,1.1579,1.1813,0.1932,48.8,0.00,0.0000
late0,v4late,2,6,200,1.1515,1.1440,1.1910,0.1919,49.2,0.00,0.0000
late0,v4,2,6,200,1.1083,1.1066,1.1399,0.1847,51.1,0.00,0.0000
loaded 360 records (3.40 GB), huge=1 swz=0
late100,base,1,4,200,0.6718,0.6554,0.7889,0.1679,56.2,0.00,0.0000
late100,v4late,1,4,200,0.7078,0.7070,0.7124,0.1769,53.3,0.00,0.0000
late100,v4,1,4,200,0.5387,0.5390,0.5444,0.1347,70.1,0.00,0.0000
late100,base,1,6,200,1.0102,0.9525,1.2782,0.1684,56.1,0.00,0.0000
late100,v4late,1,6,200,1.0099,1.0095,1.0183,0.1683,56.1,0.00,0.0000
late100,v4,1,6,200,0.8777,0.8733,0.8915,0.1463,64.5,0.00,0.0000
late100,base,2,4,200,0.7645,0.7563,0.8060,0.1911,49.4,0.00,0.0000
late100,v4late,2,4,200,0.8578,0.8564,0.8786,0.2144,44.0,0.00,0.0000
late100,v4,2,4,200,0.7316,0.7291,0.7551,0.1829,51.6,0.00,0.0000
late100,base,2,6,200,1.1658,1.1539,1.1774,0.1943,48.6,0.00,0.0000
late100,v4late,2,6,200,1.1966,1.1939,1.2232,0.1994,47.3,0.00,0.0000
late100,v4,2,6,200,1.0958,1.0937,1.1255,0.1826,51.7,0.00,0.0000
## C3 p16 m=1 shape check
loaded 360 records (3.40 GB), huge=1 swz=0
var,m,n,iters,mean_ms,p50_ms,p90_ms,ms_per_expert,GBps,ipc,ginstr_per_expert
v4:1:64:128:32:128:0:1,1,1,300,0.3172,0.3048,0.3564,0.3172,29.8,0.00,0.0000
v4:1:32:128:32:256:0:1,1,1,300,0.3187,0.3143,0.3269,0.3187,29.6,0.00,0.0000
v4:1:32:128:16:128:0:1,1,1,300,0.1832,0.1812,0.1867,0.1832,51.5,0.00,0.0000
v4:1:64:128:32:128:0:1,1,4,300,0.6164,0.6158,0.6219,0.1541,61.2,0.00,0.0000
v4:1:32:128:32:256:0:1,1,4,300,0.5585,0.5584,0.5636,0.1396,67.6,0.00,0.0000
v4:1:32:128:16:128:0:1,1,4,300,0.5459,0.5466,0.5514,0.1365,69.1,0.00,0.0000
v4:1:64:128:32:128:0:1,1,6,300,0.8902,0.8895,0.8987,0.1484,63.6,0.00,0.0000
v4:1:32:128:32:256:0:1,1,6,300,0.9536,0.9536,0.9612,0.1589,59.4,0.00,0.0000
v4:1:32:128:16:128:0:1,1,6,300,0.8803,0.8799,0.8860,0.1467,64.3,0.00,0.0000
# rc=0 end 2026-10-09T01:51:42+02:00
