# 2026-10-09T01:03:08+02:00 gated3 run: ./winB.sh
# other containers: 
# load: 1.10 0.72 0.31 1/1303 17183
## B1 matrix perf
loaded 360 records (3.40 GB), huge=1 swz=0
var,m,n,iters,mean_ms,p50_ms,p90_ms,ms_per_expert,GBps,ipc,ginstr_per_expert
base,1,1,200,0.2443,0.2178,0.3269,0.2443,38.6,1.05,0.0320
v4:1:0:8:0:8:0,1,1,200,0.2089,0.2076,0.2193,0.2089,45.2,1.06,0.0321
v4:1:32:128:16:128:0,1,1,200,0.1845,0.1788,0.1876,0.1845,51.1,1.14,0.0321
v4:0:32:128:16:128:1,1,1,200,0.3784,0.2555,0.4810,0.3784,24.9,0.82,0.0329
v4:0:0:8:0:8:1,1,1,200,0.2453,0.2443,0.2577,0.2453,38.5,0.94,0.0308
base,1,3,200,0.5452,0.5420,0.5795,0.1817,51.9,1.62,0.0293
v4:1:0:8:0:8:0,1,3,200,0.5172,0.5170,0.5414,0.1724,54.7,1.78,0.0300
v4:1:32:128:16:128:0,1,3,200,0.4729,0.4668,0.4974,0.1576,59.9,1.84,0.0300
v4:0:32:128:16:128:1,1,3,200,0.4708,0.4704,0.4803,0.1569,60.1,1.83,0.0298
v4:0:0:8:0:8:1,1,3,200,0.5321,0.5308,0.5500,0.1774,53.2,1.59,0.0287
base,1,4,200,0.6448,0.6458,0.6755,0.1612,58.5,1.90,0.0288
v4:1:0:8:0:8:0,1,4,200,0.6566,0.6553,0.6812,0.1641,57.5,1.97,0.0297
v4:1:32:128:16:128:0,1,4,200,0.5470,0.5472,0.5522,0.1367,69.0,2.31,0.0296
v4:0:32:128:16:128:1,1,4,200,0.5749,0.5728,0.5850,0.1437,65.7,2.22,0.0294
v4:0:0:8:0:8:1,1,4,200,0.7012,0.7006,0.7252,0.1753,53.8,1.73,0.0284
base,1,6,200,0.9391,0.9397,0.9776,0.1565,60.3,2.13,0.0285
v4:1:0:8:0:8:0,1,6,200,0.9688,0.9689,0.9975,0.1615,58.4,2.18,0.0295
v4:1:32:128:16:128:0,1,6,200,0.8845,0.8841,0.8910,0.1474,64.0,2.35,0.0294
v4:0:32:128:16:128:1,1,6,200,0.8721,0.8714,0.8795,0.1454,64.9,2.38,0.0292
v4:0:0:8:0:8:1,1,6,200,1.0146,1.0149,1.0453,0.1691,55.8,1.93,0.0282
base,2,1,200,0.2341,0.2317,0.2440,0.2341,40.3,1.30,0.0408
v4:1:0:8:0:8:0,2,1,200,0.2232,0.2219,0.2334,0.2232,42.3,1.25,0.0376
v4:1:32:128:16:128:0,2,1,200,0.2665,0.2627,0.2722,0.2665,35.4,1.17,0.0393
v4:0:32:128:16:128:1,2,1,200,0.2970,0.2951,0.3023,0.2970,31.8,1.18,0.0426
v4:0:0:8:0:8:1,2,1,200,0.2641,0.2610,0.2742,0.2641,35.7,1.20,0.0399
base,2,3,200,0.6411,0.6336,0.6663,0.2137,44.2,1.96,0.0384
v4:1:0:8:0:8:0,2,3,200,0.5645,0.5638,0.5822,0.1882,50.2,2.04,0.0355
v4:1:32:128:16:128:0,2,3,200,0.6808,0.6796,0.6850,0.2269,41.6,1.76,0.0373
v4:0:32:128:16:128:1,2,3,200,0.7428,0.7418,0.7516,0.2476,38.1,1.82,0.0405
v4:0:0:8:0:8:1,2,3,200,0.6507,0.6514,0.6701,0.2169,43.5,1.96,0.0377
base,2,4,200,0.7554,0.7523,0.7952,0.1889,50.0,2.36,0.0377
v4:1:0:8:0:8:0,2,4,200,0.7373,0.7377,0.7622,0.1843,51.2,2.23,0.0353
v4:1:32:128:16:128:0,2,4,200,0.7922,0.7913,0.7962,0.1980,47.7,2.16,0.0369
v4:0:32:128:16:128:1,2,4,200,0.9347,0.9165,1.0017,0.2337,40.4,2.13,0.0401
v4:0:0:8:0:8:1,2,4,200,0.8563,0.8548,0.8793,0.2141,44.1,2.16,0.0375
base,2,6,200,1.1546,1.1530,1.1789,0.1924,49.0,2.49,0.0376
v4:1:0:8:0:8:0,2,6,200,1.1012,1.1018,1.1272,0.1835,51.4,2.42,0.0350
v4:1:32:128:16:128:0,2,6,200,1.2662,1.2647,1.2743,0.2110,44.7,2.15,0.0367
v4:0:32:128:16:128:1,2,6,200,1.4010,1.3860,1.4659,0.2335,40.4,2.21,0.0399
v4:0:0:8:0:8:1,2,6,200,1.2457,1.2446,1.2757,0.2076,45.5,2.34,0.0373
base,4,1,200,0.3316,0.3282,0.3412,0.3316,28.5,1.40,0.0534
v4:1:0:8:0:8:0,4,1,200,0.3546,0.3527,0.3600,0.3546,26.6,1.33,0.0526
v4:1:32:128:16:128:0,4,1,200,0.5203,0.5116,0.5654,0.5203,18.1,1.13,0.0613
v4:0:32:128:16:128:1,4,1,200,0.5130,0.5061,0.5589,0.5130,18.4,1.16,0.0612
v4:0:0:8:0:8:1,4,1,200,0.3610,0.3594,0.3728,0.3610,26.1,1.32,0.0526
base,4,3,200,1.0642,1.0544,1.1223,0.3547,26.6,1.86,0.0508
v4:1:0:8:0:8:0,4,3,200,0.9768,0.9691,1.0292,0.3256,29.0,1.95,0.0504
v4:1:32:128:16:128:0,4,3,200,1.3598,1.3444,1.4263,0.4533,20.8,1.57,0.0589
v4:0:32:128:16:128:1,4,3,200,1.3390,1.3361,1.3465,0.4463,21.1,1.58,0.0589
v4:0:0:8:0:8:1,4,3,200,0.9173,0.9143,0.9265,0.3058,30.9,2.04,0.0504
base,4,4,200,1.1038,1.1002,1.1224,0.2760,34.2,2.37,0.0500
v4:1:0:8:0:8:0,4,4,200,1.1399,1.1339,1.1779,0.2850,33.1,2.24,0.0501
v4:1:32:128:16:128:0,4,4,200,1.5146,1.5111,1.5198,0.3786,24.9,1.99,0.0583
v4:0:32:128:16:128:1,4,4,200,1.5364,1.5251,1.5806,0.3841,24.6,1.98,0.0583
v4:0:0:8:0:8:1,4,4,200,1.1319,1.1310,1.1518,0.2830,33.4,2.25,0.0501
base,4,6,200,1.7394,1.7317,1.7400,0.2899,32.6,2.35,0.0500
v4:1:0:8:0:8:0,4,6,200,1.6936,1.6848,1.7294,0.2823,33.4,2.36,0.0499
v4:1:32:128:16:128:0,4,6,200,2.3922,2.3926,2.4041,0.3987,23.7,1.93,0.0582
v4:0:32:128:16:128:1,4,6,200,2.4141,2.3945,2.4724,0.4024,23.5,1.93,0.0583
v4:0:0:8:0:8:1,4,6,200,1.6932,1.6855,1.7313,0.2822,33.4,2.36,0.0499
## B1b auto with I16 up to m=4 for v4 (i16max=4; base keeps its rule)
loaded 360 records (3.40 GB), huge=1 swz=0
var,m,n,iters,mean_ms,p50_ms,p90_ms,ms_per_expert,GBps,ipc,ginstr_per_expert
base,3,1,200,0.3366,0.2792,0.5816,0.3366,28.0,0.00,0.0000
v4:0:32:128:16:128:1,3,1,200,0.3368,0.3308,0.3748,0.3368,28.0,0.00,0.0000
base,3,4,200,0.9117,0.9072,0.9416,0.2279,41.4,0.00,0.0000
v4:0:32:128:16:128:1,3,4,200,1.0153,1.0133,1.0275,0.2538,37.2,0.00,0.0000
base,3,6,200,1.4566,1.4467,1.4992,0.2428,38.9,0.00,0.0000
v4:0:32:128:16:128:1,3,6,200,1.6234,1.6106,1.6694,0.2706,34.9,0.00,0.0000
base,4,1,200,0.3299,0.3276,0.3392,0.3299,28.6,0.00,0.0000
v4:0:32:128:16:128:1,4,1,200,0.5029,0.4970,0.5318,0.5029,18.8,0.00,0.0000
base,4,4,200,1.1001,1.0970,1.1118,0.2750,34.3,0.00,0.0000
v4:0:32:128:16:128:1,4,4,200,1.5500,1.5393,1.5789,0.3875,24.4,0.00,0.0000
base,4,6,200,1.7308,1.7289,1.7393,0.2885,32.7,0.00,0.0000
v4:0:32:128:16:128:1,4,6,200,2.4486,2.4466,2.4587,0.4081,23.1,0.00,0.0000
## B2 hot=4
loaded 360 records (3.40 GB), huge=1 swz=0
var,m,n,iters,mean_ms,p50_ms,p90_ms,ms_per_expert,GBps,ipc,ginstr_per_expert
base,1,4,200,0.4788,0.4499,0.5492,0.1197,78.8,2.34,0.0288
v4:1:32:128:16:128:0,1,4,200,0.4979,0.4966,0.5037,0.1245,75.8,2.31,0.0297
v4:0:32:128:16:128:1,1,4,200,0.4798,0.4783,0.4841,0.1199,78.7,2.36,0.0294
v4:0:0:8:0:8:1,1,4,200,0.4427,0.4375,0.4479,0.1107,85.3,2.45,0.0284
## B3 swz=1
loaded 360 records (3.40 GB), huge=1 swz=1
var,m,n,iters,mean_ms,p50_ms,p90_ms,ms_per_expert,GBps,ipc,ginstr_per_expert
base,1,1,200,0.2205,0.1511,0.3467,0.2205,42.8,1.27,0.0314
v4:1:0:8:0:8:0,1,1,200,0.1544,0.1520,0.1580,0.1544,61.1,1.24,0.0321
v4:0:0:8:0:8:1,1,1,200,0.1543,0.1522,0.1580,0.1543,61.2,1.25,0.0321
base,1,4,200,0.4432,0.4411,0.4472,0.1108,85.2,2.51,0.0287
v4:1:0:8:0:8:0,1,4,200,0.4713,0.4649,0.4788,0.1178,80.1,2.55,0.0297
v4:0:0:8:0:8:1,1,4,200,0.4770,0.4691,0.5054,0.1192,79.1,2.59,0.0297
base,1,6,200,0.7042,0.7046,0.7081,0.1174,80.4,2.69,0.0285
v4:1:0:8:0:8:0,1,6,200,0.7078,0.7078,0.7104,0.1180,80.0,2.85,0.0295
v4:0:0:8:0:8:1,1,6,200,0.7147,0.7139,0.7180,0.1191,79.2,2.90,0.0294
## B4 4k pages
loaded 360 records (3.40 GB), huge=0 swz=0
var,m,n,iters,mean_ms,p50_ms,p90_ms,ms_per_expert,GBps,ipc,ginstr_per_expert
base,1,4,200,0.6844,0.6548,0.8119,0.1711,55.2,0.00,0.0000
v4:0:32:128:16:128:1,1,4,200,0.5509,0.5497,0.5561,0.1377,68.5,0.00,0.0000
base,1,6,200,0.9207,0.9183,0.9679,0.1534,61.5,0.00,0.0000
v4:0:32:128:16:128:1,1,6,200,0.8738,0.8733,0.8840,0.1456,64.8,0.00,0.0000
## B5 rt2 shapes
loaded 360 records (3.40 GB), huge=1 swz=0
var,m,n,iters,mean_ms,p50_ms,p90_ms,ms_per_expert,GBps,ipc,ginstr_per_expert
v4:0:16:128:16:128:1,1,4,200,0.6213,0.5940,0.7387,0.1553,60.8,0.00,0.0000
v4:0:64:128:32:128:1,1,4,200,0.5919,0.5914,0.5967,0.1480,63.8,0.00,0.0000
v4:0:32:64:16:64:1,1,4,200,0.5876,0.5874,0.5942,0.1469,64.2,0.00,0.0000
v4:0:32:128:32:256:1,1,4,200,0.5739,0.5726,0.5820,0.1435,65.8,0.00,0.0000
v4:0:32:128:8:128:1,1,4,200,0.6251,0.6143,0.6560,0.1563,60.4,0.00,0.0000
v4:0:32:128:16:256:1,1,4,200,0.6045,0.5957,0.6214,0.1511,62.4,0.00,0.0000
v4:0:8:128:8:128:1,1,4,200,0.7620,0.7629,0.7791,0.1905,49.5,0.00,0.0000
v4:0:16:128:16:128:1,1,6,200,0.9148,0.9139,0.9228,0.1525,61.9,0.00,0.0000
v4:0:64:128:32:128:1,1,6,200,0.8560,0.8540,0.8623,0.1427,66.1,0.00,0.0000
v4:0:32:64:16:64:1,1,6,200,0.8857,0.8844,0.8924,0.1476,63.9,0.00,0.0000
v4:0:32:128:32:256:1,1,6,200,0.9324,0.9312,0.9445,0.1554,60.7,0.00,0.0000
v4:0:32:128:8:128:1,1,6,200,0.9363,0.9360,0.9479,0.1560,60.5,0.00,0.0000
v4:0:32:128:16:256:1,1,6,200,0.8938,0.8937,0.9020,0.1490,63.4,0.00,0.0000
v4:0:8:128:8:128:1,1,6,200,1.1396,1.1404,1.1588,0.1899,49.7,0.00,0.0000
v4:0:16:128:16:128:1,2,4,200,0.9714,0.9704,0.9777,0.2429,38.9,0.00,0.0000
v4:0:64:128:32:128:1,2,4,200,0.9333,0.9324,0.9401,0.2333,40.4,0.00,0.0000
v4:0:32:64:16:64:1,2,4,200,0.9423,0.9121,1.0168,0.2356,40.1,0.00,0.0000
v4:0:32:128:32:256:1,2,4,200,0.9934,0.9873,1.0875,0.2484,38.0,0.00,0.0000
v4:0:32:128:8:128:1,2,4,200,0.9928,0.9853,1.0119,0.2482,38.0,0.00,0.0000
v4:0:32:128:16:256:1,2,4,200,0.9421,0.9400,0.9504,0.2355,40.1,0.00,0.0000
v4:0:8:128:8:128:1,2,4,200,1.2811,1.2701,1.2859,0.3203,29.5,0.00,0.0000
v4:0:16:128:16:128:1,2,6,200,1.4835,1.4788,1.4883,0.2473,38.2,0.00,0.0000
v4:0:64:128:32:128:1,2,6,200,1.3678,1.3299,1.5123,0.2280,41.4,0.00,0.0000
v4:0:32:64:16:64:1,2,6,200,1.3379,1.3370,1.3449,0.2230,42.3,0.00,0.0000
v4:0:32:128:32:256:1,2,6,200,1.4714,1.4692,1.4833,0.2452,38.5,0.00,0.0000
v4:0:32:128:8:128:1,2,6,200,1.5196,1.4927,1.5827,0.2533,37.3,0.00,0.0000
v4:0:32:128:16:256:1,2,6,200,1.4294,1.4303,1.4389,0.2382,39.6,0.00,0.0000
v4:0:8:128:8:128:1,2,6,200,1.9178,1.9078,1.9453,0.3196,29.5,0.00,0.0000
## B6 no prologue prefetch
loaded 360 records (3.40 GB), huge=1 swz=0
var,m,n,iters,mean_ms,p50_ms,p90_ms,ms_per_expert,GBps,ipc,ginstr_per_expert
v4:0:32:128:16:128:1,1,4,200,0.5812,0.5635,0.6152,0.1453,64.9,0.00,0.0000
## B7 threads
loaded 360 records (3.40 GB), huge=1 swz=0
t16,base,1,4,200,0.7199,0.7083,0.7635,0.1800,52.4,0.00,0.0000
t16,v4:0:32:128:16:128:1,1,4,200,0.6853,0.6836,0.6939,0.1713,55.1,0.00,0.0000
loaded 360 records (3.40 GB), huge=1 swz=0
t20,base,1,4,200,0.6798,0.6619,0.7723,0.1699,55.5,0.00,0.0000
t20,v4:0:32:128:16:128:1,1,4,200,0.6215,0.6209,0.6284,0.1554,60.7,0.00,0.0000
## B7 smt 36
loaded 360 records (3.40 GB), huge=1 swz=0
var,m,n,iters,mean_ms,p50_ms,p90_ms,ms_per_expert,GBps,ipc,ginstr_per_expert
base,1,4,200,0.6500,0.6402,0.7134,0.1625,58.1,0.00,0.0000
v4:0:32:128:16:128:1,1,4,200,0.6741,0.6714,0.6861,0.1685,56.0,0.00,0.0000
base,1,6,200,0.9223,0.9226,0.9546,0.1537,61.4,0.00,0.0000
v4:0:32:128:16:128:1,1,6,200,0.9129,0.9101,0.9248,0.1521,62.0,0.00,0.0000
## B8 merged late jobs (late_us=200), R2 knobs
loaded 360 records (3.40 GB), huge=1 swz=0
var,m,n,iters,mean_ms,p50_ms,p90_ms,ms_per_expert,GBps,ipc,ginstr_per_expert
base,1,4,200,0.6430,0.6419,0.6745,0.1608,58.7,0.00,0.0000
v4late,1,4,200,0.8201,0.8118,0.8344,0.2050,46.0,0.00,0.0000
v4,1,4,200,0.5655,0.5584,0.5705,0.1414,66.8,0.00,0.0000
base,1,6,200,0.9385,0.9386,0.9884,0.1564,60.3,0.00,0.0000
v4late,1,6,200,1.0850,1.0858,1.0951,0.1808,52.2,0.00,0.0000
v4,1,6,200,0.8627,0.8623,0.8711,0.1438,65.6,0.00,0.0000
## B9 readbw
loaded 360 records (3.40 GB), huge=1 swz=0
pattern,pf,GBps
seq196k,0,147.5
native_blk,0,89.3
native_blk_pfT0,2,89.3
native_blk_pfT0,4,89.1
native_blk_pfT0,8,88.3
native_blk_pfT0,16,85.1
native_blk_pfT1,2,87.1
native_blk_pfT1,4,84.0
native_blk_pfT1,8,86.9
native_blk_pfT1,16,81.8
# rc=0 end 2026-10-09T01:03:55+02:00
